gthr-default.h:229:1:int __gthread_key_delete(__gthread_key_t)	16	static
main.cpp:106:3:Counter::Counter()	32	static
main.cpp:131:8:void Counter::startCounter()	40	static
main.cpp:155:8:void Counter::writeLED(int)	32	static
main.cpp:170:5:int getPinNum(int)	16	static
main.cpp:188:6:void setPortDOutMode(int)	24	static
main.cpp:196:6:void sendPortDOutData(int, bool)	24	static
main.cpp:217:5:int main()	112	static
main.cpp:283:6:void SystemClock_Config()	88	static
main.cpp:328:13:void MX_USART2_UART_Init()	8	static
main.cpp:359:13:void MX_DMA_Init()	16	static
main.cpp:377:13:void MX_GPIO_Init()	16	static
main.cpp:386:6:void HAL_UART_RxCpltCallback(UART_HandleTypeDef*)	80	static
main.cpp:407:6:void Error_Handler()	4	static,ignoring_inline_asm
basic_string.h:6175:5:bool std::operator==(const std::__cxx11::basic_string<_CharT, _Traits, _Alloc>&, const _CharT*) [with _CharT = char; _Traits = std::char_traits<char>; _Alloc = std::allocator<char>]	16	static
main.cpp:416:1:void __static_initialization_and_destruction_0(int, int)	16	static
main.cpp:416:1:cpp)	8	static
main.cpp:416:1:cpp)	8	static
